// Jest Snapshot v1, https://goo.gl/fbAQLP

exports[`Farts component renders Farts 1`] = `<ul />`;
